<?xml version="1.0" encoding="UTF-8"?>
<testsuites name="jest tests" tests="39" failures="0" errors="0" time="6.269">
  <testsuite name="Test reducer functions" errors="0" failures="0" skipped="0" timestamp="2021-04-11T10:30:14" time="2.207" tests="4">
    <testcase classname="Test reducer functions INSERT_TODO type adds a new todo to the state" name="Test reducer functions INSERT_TODO type adds a new todo to the state" time="0.003">
    </testcase>
    <testcase classname="Test reducer functions EDIT_TODO type edits a todo title in the state by id" name="Test reducer functions EDIT_TODO type edits a todo title in the state by id" time="0.001">
    </testcase>
    <testcase classname="Test reducer functions REMOVE_TODO type removes a todo by id from the state" name="Test reducer functions REMOVE_TODO type removes a todo by id from the state" time="0">
    </testcase>
    <testcase classname="Test reducer functions COMPLETE_TODO type sets a todo isCompleted to true by id" name="Test reducer functions COMPLETE_TODO type sets a todo isCompleted to true by id" time="0.001">
    </testcase>
  </testsuite>
  <testsuite name="Component - SVG" errors="0" failures="0" skipped="0" timestamp="2021-04-11T10:30:14" time="2.589" tests="3">
    <testcase classname="Component - SVG always renders the svg component" name="Component - SVG always renders the svg component" time="0.057">
    </testcase>
    <testcase classname="Component - SVG does not render a path if the icon does not exist" name="Component - SVG does not render a path if the icon does not exist" time="0.011">
    </testcase>
    <testcase classname="Component - SVG renders a path if icon prop is received and the icon exists" name="Component - SVG renders a path if icon prop is received and the icon exists" time="0.019">
    </testcase>
  </testsuite>
  <testsuite name="Container - TodoInput" errors="0" failures="0" skipped="0" timestamp="2021-04-11T10:30:14" time="2.972" tests="6">
    <testcase classname="Container - TodoInput rendering renders the container" name="Container - TodoInput rendering renders the container" time="0.086">
    </testcase>
    <testcase classname="Container - TodoInput rendering renders the text input" name="Container - TodoInput rendering renders the text input" time="0.016">
    </testcase>
    <testcase classname="Container - TodoInput rendering renders the submit button" name="Container - TodoInput rendering renders the submit button" time="0.008">
    </testcase>
    <testcase classname="Container - TodoInput rendering text input shows the correct placeholder" name="Container - TodoInput rendering text input shows the correct placeholder" time="0.008">
    </testcase>
    <testcase classname="Container - TodoInput test submit does not dispatch a redux action if the input is empty" name="Container - TodoInput test submit does not dispatch a redux action if the input is empty" time="0.009">
    </testcase>
    <testcase classname="Container - TodoInput test submit dispatches addTodo action when submitting the form if the input contains a value" name="Container - TodoInput test submit dispatches addTodo action when submitting the form if the input contains a value" time="0.008">
    </testcase>
  </testsuite>
  <testsuite name="Component - TextField" errors="0" failures="0" skipped="0" timestamp="2021-04-11T10:30:14" time="2.811" tests="2">
    <testcase classname="Component - TextField renders the component" name="Component - TextField renders the component" time="0.043">
    </testcase>
    <testcase classname="Component - TextField renders a label if label prop is received" name="Component - TextField renders a label if label prop is received" time="0.009">
    </testcase>
  </testsuite>
  <testsuite name="Component - Todo" errors="0" failures="0" skipped="0" timestamp="2021-04-11T10:30:14" time="2.876" tests="14">
    <testcase classname="Component - Todo renders the container" name="Component - Todo renders the container" time="0.044">
    </testcase>
    <testcase classname="Component - Todo rendering when isCompleted is not defined renders a checkbox" name="Component - Todo rendering when isCompleted is not defined renders a checkbox" time="0.006">
    </testcase>
    <testcase classname="Component - Todo rendering when isCompleted is not defined renders a title" name="Component - Todo rendering when isCompleted is not defined renders a title" time="0.005">
    </testcase>
    <testcase classname="Component - Todo rendering when isCompleted is not defined renders the title based on the prop title" name="Component - Todo rendering when isCompleted is not defined renders the title based on the prop title" time="0.007">
    </testcase>
    <testcase classname="Component - Todo rendering when isCompleted is true renders a completed checkbox" name="Component - Todo rendering when isCompleted is true renders a completed checkbox" time="0.007">
    </testcase>
    <testcase classname="Component - Todo rendering when isCompleted is true renders a completed title" name="Component - Todo rendering when isCompleted is true renders a completed title" time="0.005">
    </testcase>
    <testcase classname="Component - Todo rendering when isCompleted is true renders the title based on the prop title" name="Component - Todo rendering when isCompleted is true renders the title based on the prop title" time="0.005">
    </testcase>
    <testcase classname="Component - Todo onHover functionalities renders an edit button" name="Component - Todo onHover functionalities renders an edit button" time="0.028">
    </testcase>
    <testcase classname="Component - Todo onHover functionalities renders a delete button" name="Component - Todo onHover functionalities renders a delete button" time="0.008">
    </testcase>
    <testcase classname="Component - Todo onHover functionalities stops rendering controls on mouse leave" name="Component - Todo onHover functionalities stops rendering controls on mouse leave" time="0.004">
    </testcase>
    <testcase classname="Component - Todo Firing events fires handleComplete onClick of wrapper" name="Component - Todo Firing events fires handleComplete onClick of wrapper" time="0.008">
    </testcase>
    <testcase classname="Component - Todo Firing events fires handleComplete onClick of check element" name="Component - Todo Firing events fires handleComplete onClick of check element" time="0.007">
    </testcase>
    <testcase classname="Component - Todo Firing events fires handleEdit onClick of edit button" name="Component - Todo Firing events fires handleEdit onClick of edit button" time="0.009">
    </testcase>
    <testcase classname="Component - Todo Firing events fires handleRemove onClick of remove button" name="Component - Todo Firing events fires handleRemove onClick of remove button" time="0.007">
    </testcase>
  </testsuite>
  <testsuite name="Container - TodoList" errors="0" failures="0" skipped="0" timestamp="2021-04-11T10:30:14" time="3.037" tests="6">
    <testcase classname="Container - TodoList rendering renders the container" name="Container - TodoList rendering renders the container" time="0.132">
    </testcase>
    <testcase classname="Container - TodoList rendering renders x number of todos inside the wrapper based on state data" name="Container - TodoList rendering renders x number of todos inside the wrapper based on state data" time="0.021">
    </testcase>
    <testcase classname="Container - TodoList rendering renders a placeholder text if no todo is found" name="Container - TodoList rendering renders a placeholder text if no todo is found" time="0.005">
    </testcase>
    <testcase classname="Container - TodoList test dispatches dispatches edit action onclick of edit button" name="Container - TodoList test dispatches dispatches edit action onclick of edit button" time="0.034">
    </testcase>
    <testcase classname="Container - TodoList test dispatches dispatches remove action onclick of remove button" name="Container - TodoList test dispatches dispatches remove action onclick of remove button" time="0.011">
    </testcase>
    <testcase classname="Container - TodoList test dispatches dispatches complete action onclick of check button" name="Container - TodoList test dispatches dispatches complete action onclick of check button" time="0.008">
    </testcase>
  </testsuite>
  <testsuite name="Page - Root page" errors="0" failures="0" skipped="0" timestamp="2021-04-11T10:30:14" time="3.027" tests="4">
    <testcase classname="Page - Root page renders a layout wrapper" name="Page - Root page renders a layout wrapper" time="0.063">
    </testcase>
    <testcase classname="Page - Root page renders a header" name="Page - Root page renders a header" time="0.009">
    </testcase>
    <testcase classname="Page - Root page renders the TodoList container" name="Page - Root page renders the TodoList container" time="0.006">
    </testcase>
    <testcase classname="Page - Root page renders the TodoInput container" name="Page - Root page renders the TodoInput container" time="0.007">
    </testcase>
  </testsuite>
</testsuites>